This is pdfTeX, Version 3.141592653-2.6-1.40.27 (TeX Live 2025) (preloaded format=pdflatex 2025.10.21)  11 JUN 2026 20:15
entering extended mode
 restricted \write18 enabled.
 %&-line parsing enabled.
**FAITH-Detect.tex
(./FAITH-Detect.tex
LaTeX2e <2024-11-01> patch level 2
L3 programming layer <2025-01-18>
(/usr/local/texlive/2025/texmf-dist/tex/latex/base/article.cls
Document Class: article 2024/06/29 v1.4n Standard LaTeX document class
(/usr/local/texlive/2025/texmf-dist/tex/latex/base/size11.clo
File: size11.clo 2024/06/29 v1.4n Standard LaTeX file (size option)
)
\c@part=\count196
\c@section=\count197
\c@subsection=\count198
\c@subsubsection=\count199
\c@paragraph=\count266
\c@subparagraph=\count267
\c@figure=\count268
\c@table=\count269
\abovecaptionskip=\skip49
\belowcaptionskip=\skip50
\bibindent=\dimen141
)
(/usr/local/texlive/2025/texmf-dist/tex/latex/geometry/geometry.sty
Package: geometry 2020/01/02 v5.9 Page Geometry

(/usr/local/texlive/2025/texmf-dist/tex/latex/graphics/keyval.sty
Package: keyval 2022/05/29 v1.15 key=value parser (DPC)
\KV@toks@=\toks17
)
(/usr/local/texlive/2025/texmf-dist/tex/generic/iftex/ifvtex.sty
Package: ifvtex 2019/10/25 v1.7 ifvtex legacy package. Use iftex instead.

(/usr/local/texlive/2025/texmf-dist/tex/generic/iftex/iftex.sty
Package: iftex 2024/12/12 v1.0g TeX engine tests
))
\Gm@cnth=\count270
\Gm@cntv=\count271
\c@Gm@tempcnt=\count272
\Gm@bindingoffset=\dimen142
\Gm@wd@mp=\dimen143
\Gm@odd@mp=\dimen144
\Gm@even@mp=\dimen145
\Gm@layoutwidth=\dimen146
\Gm@layoutheight=\dimen147
\Gm@layouthoffset=\dimen148
\Gm@layoutvoffset=\dimen149
\Gm@dimlist=\toks18
)
(/usr/local/texlive/2025/texmf-dist/tex/latex/graphics/graphicx.sty
Package: graphicx 2021/09/16 v1.2d Enhanced LaTeX Graphics (DPC,SPQR)

(/usr/local/texlive/2025/texmf-dist/tex/latex/graphics/graphics.sty
Package: graphics 2024/08/06 v1.4g Standard LaTeX Graphics (DPC,SPQR)

(/usr/local/texlive/2025/texmf-dist/tex/latex/graphics/trig.sty
Package: trig 2023/12/02 v1.11 sin cos tan (DPC)
)
(/usr/local/texlive/2025/texmf-dist/tex/latex/graphics-cfg/graphics.cfg
File: graphics.cfg 2016/06/04 v1.11 sample graphics configuration
)
Package graphics Info: Driver file: pdftex.def on input line 106.

(/usr/local/texlive/2025/texmf-dist/tex/latex/graphics-def/pdftex.def
File: pdftex.def 2024/04/13 v1.2c Graphics/color driver for pdftex
))
\Gin@req@height=\dimen150
\Gin@req@width=\dimen151
)
(/usr/local/texlive/2025/texmf-dist/tex/latex/booktabs/booktabs.sty
Package: booktabs 2020/01/12 v1.61803398 Publication quality tables
\heavyrulewidth=\dimen152
\lightrulewidth=\dimen153
\cmidrulewidth=\dimen154
\belowrulesep=\dimen155
\belowbottomsep=\dimen156
\aboverulesep=\dimen157
\abovetopsep=\dimen158
\cmidrulesep=\dimen159
\cmidrulekern=\dimen160
\defaultaddspace=\dimen161
\@cmidla=\count273
\@cmidlb=\count274
\@aboverulesep=\dimen162
\@belowrulesep=\dimen163
\@thisruleclass=\count275
\@lastruleclass=\count276
\@thisrulewidth=\dimen164
)
(/usr/local/texlive/2025/texmf-dist/tex/latex/amsmath/amsmath.sty
Package: amsmath 2024/11/05 v2.17t AMS math features
\@mathmargin=\skip51

For additional information on amsmath, use the `?' option.
(/usr/local/texlive/2025/texmf-dist/tex/latex/amsmath/amstext.sty
Package: amstext 2021/08/26 v2.01 AMS text

(/usr/local/texlive/2025/texmf-dist/tex/latex/amsmath/amsgen.sty
File: amsgen.sty 1999/11/30 v2.0 generic functions
\@emptytoks=\toks19
\ex@=\dimen165
))
(/usr/local/texlive/2025/texmf-dist/tex/latex/amsmath/amsbsy.sty
Package: amsbsy 1999/11/29 v1.2d Bold Symbols
\pmbraise@=\dimen166
)
(/usr/local/texlive/2025/texmf-dist/tex/latex/amsmath/amsopn.sty
Package: amsopn 2022/04/08 v2.04 operator names
)
\inf@bad=\count277
LaTeX Info: Redefining \frac on input line 233.
\uproot@=\count278
\leftroot@=\count279
LaTeX Info: Redefining \overline on input line 398.
LaTeX Info: Redefining \colon on input line 409.
\classnum@=\count280
\DOTSCASE@=\count281
LaTeX Info: Redefining \ldots on input line 495.
LaTeX Info: Redefining \dots on input line 498.
LaTeX Info: Redefining \cdots on input line 619.
\Mathstrutbox@=\box52
\strutbox@=\box53
LaTeX Info: Redefining \big on input line 721.
LaTeX Info: Redefining \Big on input line 722.
LaTeX Info: Redefining \bigg on input line 723.
LaTeX Info: Redefining \Bigg on input line 724.
\big@size=\dimen167
LaTeX Font Info:    Redeclaring font encoding OML on input line 742.
LaTeX Font Info:    Redeclaring font encoding OMS on input line 743.
\macc@depth=\count282
LaTeX Info: Redefining \bmod on input line 904.
LaTeX Info: Redefining \pmod on input line 909.
LaTeX Info: Redefining \smash on input line 939.
LaTeX Info: Redefining \relbar on input line 969.
LaTeX Info: Redefining \Relbar on input line 970.
\c@MaxMatrixCols=\count283
\dotsspace@=\muskip17
\c@parentequation=\count284
\dspbrk@lvl=\count285
\tag@help=\toks20
\row@=\count286
\column@=\count287
\maxfields@=\count288
\andhelp@=\toks21
\eqnshift@=\dimen168
\alignsep@=\dimen169
\tagshift@=\dimen170
\tagwidth@=\dimen171
\totwidth@=\dimen172
\lineht@=\dimen173
\@envbody=\toks22
\multlinegap=\skip52
\multlinetaggap=\skip53
\mathdisplay@stack=\toks23
LaTeX Info: Redefining \[ on input line 2953.
LaTeX Info: Redefining \] on input line 2954.
)
(/usr/local/texlive/2025/texmf-dist/tex/latex/amsfonts/amssymb.sty
Package: amssymb 2013/01/14 v3.01 AMS font symbols

(/usr/local/texlive/2025/texmf-dist/tex/latex/amsfonts/amsfonts.sty
Package: amsfonts 2013/01/14 v3.01 Basic AMSFonts support
\symAMSa=\mathgroup4
\symAMSb=\mathgroup5
LaTeX Font Info:    Redeclaring math symbol \hbar on input line 98.
LaTeX Font Info:    Overwriting math alphabet `\mathfrak' in version `bold'
(Font)                  U/euf/m/n --> U/euf/b/n on input line 106.
))
(/usr/local/texlive/2025/texmf-dist/tex/latex/float/float.sty
Package: float 2001/11/08 v1.3d Float enhancements (AL)
\c@float@type=\count289
\float@exts=\toks24
\float@box=\box54
\@float@everytoks=\toks25
\@floatcapt=\box55
)
(/usr/local/texlive/2025/texmf-dist/tex/latex/caption/caption.sty
Package: caption 2023/08/05 v3.6o Customizing captions (AR)

(/usr/local/texlive/2025/texmf-dist/tex/latex/caption/caption3.sty
Package: caption3 2023/07/31 v2.4d caption3 kernel (AR)
\caption@tempdima=\dimen174
\captionmargin=\dimen175
\caption@leftmargin=\dimen176
\caption@rightmargin=\dimen177
\caption@width=\dimen178
\caption@indent=\dimen179
\caption@parindent=\dimen180
\caption@hangindent=\dimen181
Package caption Info: Standard document class detected.
)
\c@caption@flags=\count290
\c@continuedfloat=\count291
Package caption Info: float package is loaded.
)
(/usr/local/texlive/2025/texmf-dist/tex/latex/psnfss/times.sty
Package: times 2020/03/25 PSNFSS-v9.3 (SPQR) 
)
(/usr/local/texlive/2025/texmf-dist/tex/latex/hyperref/hyperref.sty
Package: hyperref 2024-11-05 v7.01l Hypertext links for LaTeX

(/usr/local/texlive/2025/texmf-dist/tex/latex/kvsetkeys/kvsetkeys.sty
Package: kvsetkeys 2022-10-05 v1.19 Key value parser (HO)
)
(/usr/local/texlive/2025/texmf-dist/tex/generic/kvdefinekeys/kvdefinekeys.sty
Package: kvdefinekeys 2019-12-19 v1.6 Define keys (HO)
)
(/usr/local/texlive/2025/texmf-dist/tex/generic/pdfescape/pdfescape.sty
Package: pdfescape 2019/12/09 v1.15 Implements pdfTeX's escape features (HO)

(/usr/local/texlive/2025/texmf-dist/tex/generic/ltxcmds/ltxcmds.sty
Package: ltxcmds 2023-12-04 v1.26 LaTeX kernel commands for general use (HO)
)
(/usr/local/texlive/2025/texmf-dist/tex/generic/pdftexcmds/pdftexcmds.sty
Package: pdftexcmds 2020-06-27 v0.33 Utility functions of pdfTeX for LuaTeX (HO
)

(/usr/local/texlive/2025/texmf-dist/tex/generic/infwarerr/infwarerr.sty
Package: infwarerr 2019/12/03 v1.5 Providing info/warning/error messages (HO)
)
Package pdftexcmds Info: \pdf@primitive is available.
Package pdftexcmds Info: \pdf@ifprimitive is available.
Package pdftexcmds Info: \pdfdraftmode found.
))
(/usr/local/texlive/2025/texmf-dist/tex/latex/hycolor/hycolor.sty
Package: hycolor 2020-01-27 v1.10 Color options for hyperref/bookmark (HO)
)
(/usr/local/texlive/2025/texmf-dist/tex/latex/hyperref/nameref.sty
Package: nameref 2023-11-26 v2.56 Cross-referencing by name of section

(/usr/local/texlive/2025/texmf-dist/tex/latex/refcount/refcount.sty
Package: refcount 2019/12/15 v3.6 Data extraction from label references (HO)
)
(/usr/local/texlive/2025/texmf-dist/tex/generic/gettitlestring/gettitlestring.s
ty
Package: gettitlestring 2019/12/15 v1.6 Cleanup title references (HO)
 (/usr/local/texlive/2025/texmf-dist/tex/latex/kvoptions/kvoptions.sty
Package: kvoptions 2022-06-15 v3.15 Key value format for package options (HO)
))
\c@section@level=\count292
)
(/usr/local/texlive/2025/texmf-dist/tex/latex/etoolbox/etoolbox.sty
Package: etoolbox 2025/02/11 v2.5l e-TeX tools for LaTeX (JAW)
\etb@tempcnta=\count293
)
(/usr/local/texlive/2025/texmf-dist/tex/generic/stringenc/stringenc.sty
Package: stringenc 2019/11/29 v1.12 Convert strings between diff. encodings (HO
)
)
\@linkdim=\dimen182
\Hy@linkcounter=\count294
\Hy@pagecounter=\count295

(/usr/local/texlive/2025/texmf-dist/tex/latex/hyperref/pd1enc.def
File: pd1enc.def 2024-11-05 v7.01l Hyperref: PDFDocEncoding definition (HO)
Now handling font encoding PD1 ...
... no UTF-8 mapping file for font encoding PD1
)
(/usr/local/texlive/2025/texmf-dist/tex/generic/intcalc/intcalc.sty
Package: intcalc 2019/12/15 v1.3 Expandable calculations with integers (HO)
)
\Hy@SavedSpaceFactor=\count296

(/usr/local/texlive/2025/texmf-dist/tex/latex/hyperref/puenc.def
File: puenc.def 2024-11-05 v7.01l Hyperref: PDF Unicode definition (HO)
Now handling font encoding PU ...
... no UTF-8 mapping file for font encoding PU
)
Package hyperref Info: Hyper figures OFF on input line 4157.
Package hyperref Info: Link nesting OFF on input line 4162.
Package hyperref Info: Hyper index ON on input line 4165.
Package hyperref Info: Plain pages OFF on input line 4172.
Package hyperref Info: Backreferencing OFF on input line 4177.
Package hyperref Info: Implicit mode ON; LaTeX internals redefined.
Package hyperref Info: Bookmarks ON on input line 4424.
\c@Hy@tempcnt=\count297

(/usr/local/texlive/2025/texmf-dist/tex/latex/url/url.sty
\Urlmuskip=\muskip18
Package: url 2013/09/16  ver 3.4  Verb mode for urls, etc.
)
LaTeX Info: Redefining \url on input line 4763.
\XeTeXLinkMargin=\dimen183

(/usr/local/texlive/2025/texmf-dist/tex/generic/bitset/bitset.sty
Package: bitset 2019/12/09 v1.3 Handle bit-vector datatype (HO)

(/usr/local/texlive/2025/texmf-dist/tex/generic/bigintcalc/bigintcalc.sty
Package: bigintcalc 2019/12/15 v1.5 Expandable calculations on big integers (HO
)
))
\Fld@menulength=\count298
\Field@Width=\dimen184
\Fld@charsize=\dimen185
Package hyperref Info: Hyper figures OFF on input line 6042.
Package hyperref Info: Link nesting OFF on input line 6047.
Package hyperref Info: Hyper index ON on input line 6050.
Package hyperref Info: backreferencing OFF on input line 6057.
Package hyperref Info: Link coloring OFF on input line 6062.
Package hyperref Info: Link coloring with OCG OFF on input line 6067.
Package hyperref Info: PDF/A mode OFF on input line 6072.

(/usr/local/texlive/2025/texmf-dist/tex/latex/base/atbegshi-ltx.sty
Package: atbegshi-ltx 2021/01/10 v1.0c Emulation of the original atbegshi
package with kernel methods
)
\Hy@abspage=\count299
\c@Item=\count300
\c@Hfootnote=\count301
)
Package hyperref Info: Driver (autodetected): hpdftex.

(/usr/local/texlive/2025/texmf-dist/tex/latex/hyperref/hpdftex.def
File: hpdftex.def 2024-11-05 v7.01l Hyperref driver for pdfTeX

(/usr/local/texlive/2025/texmf-dist/tex/latex/base/atveryend-ltx.sty
Package: atveryend-ltx 2020/08/19 v1.0a Emulation of the original atveryend pac
kage
with kernel methods
)
\Fld@listcount=\count302
\c@bookmark@seq@number=\count303

(/usr/local/texlive/2025/texmf-dist/tex/latex/rerunfilecheck/rerunfilecheck.sty
Package: rerunfilecheck 2022-07-10 v1.10 Rerun checks for auxiliary files (HO)

(/usr/local/texlive/2025/texmf-dist/tex/generic/uniquecounter/uniquecounter.sty
Package: uniquecounter 2019/12/15 v1.4 Provide unlimited unique counter (HO)
)
Package uniquecounter Info: New unique counter `rerunfilecheck' on input line 2
85.
)
\Hy@SectionHShift=\skip54
)
LaTeX Font Info:    Trying to load font information for OT1+ptm on input line 9
.
 (/usr/local/texlive/2025/texmf-dist/tex/latex/psnfss/ot1ptm.fd
File: ot1ptm.fd 2001/06/04 font definitions for OT1/ptm.
)
(/usr/local/texlive/2025/texmf-dist/tex/latex/l3backend/l3backend-pdftex.def
File: l3backend-pdftex.def 2024-05-08 L3 backend support: PDF output (pdfTeX)
\l__color_backend_stack_int=\count304
\l__pdf_internal_box=\box56
)
(./FAITH-Detect.aux)
\openout1 = `FAITH-Detect.aux'.

LaTeX Font Info:    Checking defaults for OML/cmm/m/it on input line 9.
LaTeX Font Info:    ... okay on input line 9.
LaTeX Font Info:    Checking defaults for OMS/cmsy/m/n on input line 9.
LaTeX Font Info:    ... okay on input line 9.
LaTeX Font Info:    Checking defaults for OT1/cmr/m/n on input line 9.
LaTeX Font Info:    ... okay on input line 9.
LaTeX Font Info:    Checking defaults for T1/cmr/m/n on input line 9.
LaTeX Font Info:    ... okay on input line 9.
LaTeX Font Info:    Checking defaults for TS1/cmr/m/n on input line 9.
LaTeX Font Info:    ... okay on input line 9.
LaTeX Font Info:    Checking defaults for OMX/cmex/m/n on input line 9.
LaTeX Font Info:    ... okay on input line 9.
LaTeX Font Info:    Checking defaults for U/cmr/m/n on input line 9.
LaTeX Font Info:    ... okay on input line 9.
LaTeX Font Info:    Checking defaults for PD1/pdf/m/n on input line 9.
LaTeX Font Info:    ... okay on input line 9.
LaTeX Font Info:    Checking defaults for PU/pdf/m/n on input line 9.
LaTeX Font Info:    ... okay on input line 9.

*geometry* driver: auto-detecting
*geometry* detected driver: pdftex
*geometry* verbose mode - [ preamble ] result:
* driver: pdftex
* paper: <default>
* layout: <same size as paper>
* layoutoffset:(h,v)=(0.0pt,0.0pt)
* modes: 
* h-part:(L,W,R)=(72.26999pt, 469.75502pt, 72.26999pt)
* v-part:(T,H,B)=(72.26999pt, 650.43001pt, 72.26999pt)
* \paperwidth=614.295pt
* \paperheight=794.96999pt
* \textwidth=469.75502pt
* \textheight=650.43001pt
* \oddsidemargin=0.0pt
* \evensidemargin=0.0pt
* \topmargin=-37.0pt
* \headheight=12.0pt
* \headsep=25.0pt
* \topskip=11.0pt
* \footskip=30.0pt
* \marginparwidth=59.0pt
* \marginparsep=10.0pt
* \columnsep=10.0pt
* \skip\footins=10.0pt plus 4.0pt minus 2.0pt
* \hoffset=0.0pt
* \voffset=0.0pt
* \mag=1000
* \@twocolumnfalse
* \@twosidefalse
* \@mparswitchfalse
* \@reversemarginfalse
* (1in=72.27pt=25.4mm, 1cm=28.453pt)

(/usr/local/texlive/2025/texmf-dist/tex/context/base/mkii/supp-pdf.mkii
[Loading MPS to PDF converter (version 2006.09.02).]
\scratchcounter=\count305
\scratchdimen=\dimen186
\scratchbox=\box57
\nofMPsegments=\count306
\nofMParguments=\count307
\everyMPshowfont=\toks26
\MPscratchCnt=\count308
\MPscratchDim=\dimen187
\MPnumerator=\count309
\makeMPintoPDFobject=\count310
\everyMPtoPDFconversion=\toks27
) (/usr/local/texlive/2025/texmf-dist/tex/latex/epstopdf-pkg/epstopdf-base.sty
Package: epstopdf-base 2020-01-24 v2.11 Base part for package epstopdf
Package epstopdf-base Info: Redefining graphics rule for `.eps' on input line 4
85.

(/usr/local/texlive/2025/texmf-dist/tex/latex/latexconfig/epstopdf-sys.cfg
File: epstopdf-sys.cfg 2010/07/13 v1.3 Configuration of (r)epstopdf for TeX Liv
e
))
Package caption Info: Begin \AtBeginDocument code.
Package caption Info: hyperref package is loaded.
Package caption Info: End \AtBeginDocument code.
Package hyperref Info: Link coloring OFF on input line 9.

(./FAITH-Detect.out) (./FAITH-Detect.out)
\@outlinefile=\write3
\openout3 = `FAITH-Detect.out'.

LaTeX Font Info:    Trying to load font information for U+msa on input line 11.


(/usr/local/texlive/2025/texmf-dist/tex/latex/amsfonts/umsa.fd
File: umsa.fd 2013/01/14 v3.01 AMS symbols A
)
LaTeX Font Info:    Trying to load font information for U+msb on input line 11.


(/usr/local/texlive/2025/texmf-dist/tex/latex/amsfonts/umsb.fd
File: umsb.fd 2013/01/14 v3.01 AMS symbols B
)
LaTeX Font Info:    Trying to load font information for TS1+ptm on input line 1
9.

(/usr/local/texlive/2025/texmf-dist/tex/latex/psnfss/ts1ptm.fd
File: ts1ptm.fd 2001/06/04 font definitions for TS1/ptm.
)

[1

{/usr/local/texlive/2025/texmf-var/fonts/map/pdftex/updmap/pdftex.map}{/usr/loc
al/texlive/2025/texmf-dist/fonts/enc/dvips/base/8r.enc}]
LaTeX Font Info:    Trying to load font information for OT1+pcr on input line 3
3.

(/usr/local/texlive/2025/texmf-dist/tex/latex/psnfss/ot1pcr.fd
File: ot1pcr.fd 2001/06/04 font definitions for OT1/pcr.
)

[2]
<figures/01_dataset_overview.png, id=189, 440.847pt x 270.7716pt>
File: figures/01_dataset_overview.png Graphic file (type png)
<use figures/01_dataset_overview.png>
Package pdftex.def Info: figures/01_dataset_overview.png  used on input line 41
.
(pdftex.def)             Requested size: 281.85587pt x 173.11557pt.


[3]
<figures/03_indomain_performance.png, id=204, 473.8503pt x 332.9238pt>
File: figures/03_indomain_performance.png Graphic file (type png)
<use figures/03_indomain_performance.png>
Package pdftex.def Info: figures/03_indomain_performance.png  used on input lin
e 65.
(pdftex.def)             Requested size: 375.80544pt x 264.03815pt.
<figures/04_confusion_matrices.png, id=205, 748.2354pt x 271.9761pt>
File: figures/04_confusion_matrices.png Graphic file (type png)
<use figures/04_confusion_matrices.png>
Package pdftex.def Info: figures/04_confusion_matrices.png  used on input line 
70.
(pdftex.def)             Requested size: 446.26582pt x 162.2158pt.


[4 <./figures/01_dataset_overview.png>]
<figures/05_roc_pr.png, id=216, 669.9429pt x 313.4109pt>
File: figures/05_roc_pr.png Graphic file (type png)
<use figures/05_roc_pr.png>
Package pdftex.def Info: figures/05_roc_pr.png  used on input line 75.
(pdftex.def)             Requested size: 446.26582pt x 208.76952pt.


[5 <./figures/03_indomain_performance.png> <./figures/04_confusion_matrices.png
>]
<figures/08_fw_attribution_mass.png, id=228, 445.9059pt x 298.4751pt>
File: figures/08_fw_attribution_mass.png Graphic file (type png)
<use figures/08_fw_attribution_mass.png>
Package pdftex.def Info: figures/08_fw_attribution_mass.png  used on input line
 114.
(pdftex.def)             Requested size: 338.22418pt x 226.41077pt.


[6 <./figures/05_roc_pr.png>]
<figures/08b_fw_identity_sensitivity.png, id=238, 458.9145pt x 298.4751pt>
File: figures/08b_fw_identity_sensitivity.png Graphic file (type png)
<use figures/08b_fw_identity_sensitivity.png>
Package pdftex.def Info: figures/08b_fw_identity_sensitivity.png  used on input
 line 119.
(pdftex.def)             Requested size: 338.22418pt x 219.98001pt.


[7 <./figures/08_fw_attribution_mass.png> <./figures/08b_fw_identity_sensitivit
y.png>]
<figures/07_robustness.png, id=249, 593.5776pt x 298.4751pt>
File: figures/07_robustness.png Graphic file (type png)
<use figures/07_robustness.png>
Package pdftex.def Info: figures/07_robustness.png  used on input line 140.
(pdftex.def)             Requested size: 375.80544pt x 188.97394pt.
<figures/06_ood_transfer.png, id=252, 481.8pt x 324.4923pt>
File: figures/06_ood_transfer.png Graphic file (type png)
<use figures/06_ood_transfer.png>
Package pdftex.def Info: figures/06_ood_transfer.png  used on input line 161.
(pdftex.def)             Requested size: 375.80544pt x 253.11287pt.


[8 <./figures/07_robustness.png>]
<figures/06b_cross_generator.png, id=263, 475.2957pt x 335.8146pt>
File: figures/06b_cross_generator.png Graphic file (type png)
<use figures/06b_cross_generator.png>
Package pdftex.def Info: figures/06b_cross_generator.png  used on input line 16
6.
(pdftex.def)             Requested size: 446.26582pt x 315.31221pt.


[9 <./figures/06_ood_transfer.png>]
<figures/15_ood_diagnostic_hardmask.png, id=270, 785.0931pt x 438.1971pt>
File: figures/15_ood_diagnostic_hardmask.png Graphic file (type png)
<use figures/15_ood_diagnostic_hardmask.png>
Package pdftex.def Info: figures/15_ood_diagnostic_hardmask.png  used on input 
line 173.
(pdftex.def)             Requested size: 446.26582pt x 249.08624pt.


[10 <./figures/06b_cross_generator.png>]
<figures/06c_heldout_generator.png, id=279, 508.5399pt x 335.8146pt>
File: figures/06c_heldout_generator.png Graphic file (type png)
<use figures/06c_heldout_generator.png>
Package pdftex.def Info: figures/06c_heldout_generator.png  used on input line 
195.
(pdftex.def)             Requested size: 446.26582pt x 294.69278pt.


[11 <./figures/15_ood_diagnostic_hardmask.png>]
<figures/16_category_ablation.png, id=288, 526.3665pt x 339.9099pt>
File: figures/16_category_ablation.png Graphic file (type png)
<use figures/16_category_ablation.png>
Package pdftex.def Info: figures/16_category_ablation.png  used on input line 2
21.
(pdftex.def)             Requested size: 446.26582pt x 288.19345pt.


[12 <./figures/06c_heldout_generator.png>]

[13 <./figures/16_category_ablation.png>]
<figures/17_fw_words.png, id=304, 921.6834pt x 408.0846pt>
File: figures/17_fw_words.png Graphic file (type png)
<use figures/17_fw_words.png>
Package pdftex.def Info: figures/17_fw_words.png  used on input line 266.
(pdftex.def)             Requested size: 460.35791pt x 203.83008pt.


[14 <./figures/17_fw_words.png>]
<figures/18_new_generators.png, id=314, 669.9429pt x 353.4003pt>
File: figures/18_new_generators.png Graphic file (type png)
<use figures/18_new_generators.png>
Package pdftex.def Info: figures/18_new_generators.png  used on input line 289.

(pdftex.def)             Requested size: 422.77664pt x 223.01543pt.


[15 <./figures/18_new_generators.png>]
<figures/09_faithfulness.png, id=326, 529.98pt x 298.4751pt>
File: figures/09_faithfulness.png Graphic file (type png)
<use figures/09_faithfulness.png>
Package pdftex.def Info: figures/09_faithfulness.png  used on input line 326.
(pdftex.def)             Requested size: 375.80544pt x 211.65009pt.
<figures/10_deletion_insertion_curves.png, id=327, 697.6464pt x 302.3295pt>
File: figures/10_deletion_insertion_curves.png Graphic file (type png)
<use figures/10_deletion_insertion_curves.png>
Package pdftex.def Info: figures/10_deletion_insertion_curves.png  used on inpu
t line 331.
(pdftex.def)             Requested size: 446.26582pt x 193.39333pt.
<figures/14_example_explanation.png, id=328, 637.9032pt x 366.4089pt>
File: figures/14_example_explanation.png Graphic file (type png)
<use figures/14_example_explanation.png>
Package pdftex.def Info: figures/14_example_explanation.png  used on input line
 336.
(pdftex.def)             Requested size: 446.26582pt x 256.33911pt.


[16 <./figures/09_faithfulness.png>]
<figures/11_calibration.png, id=341, 370.7451pt x 341.1144pt>
File: figures/11_calibration.png Graphic file (type png)
<use figures/11_calibration.png>
Package pdftex.def Info: figures/11_calibration.png  used on input line 343.
(pdftex.def)             Requested size: 281.85587pt x 259.3433pt.
<figures/13_embedding_projection.png, id=342, 720.0501pt x 265.9536pt>
File: figures/13_embedding_projection.png Graphic file (type png)
<use figures/13_embedding_projection.png>
Package pdftex.def Info: figures/13_embedding_projection.png  used on input lin
e 348.
(pdftex.def)             Requested size: 446.26582pt x 164.8327pt.


[17 <./figures/10_deletion_insertion_curves.png> <./figures/14_example_explanat
ion.png>]
<figures/02_leakage_gap.png, id=353, 460.8417pt x 270.7716pt>
File: figures/02_leakage_gap.png Graphic file (type png)
<use figures/02_leakage_gap.png>
Package pdftex.def Info: figures/02_leakage_gap.png  used on input line 355.
(pdftex.def)             Requested size: 281.85587pt x 165.61664pt.


[18 <./figures/11_calibration.png> <./figures/13_embedding_projection.png>]
Overfull \hbox (13.89896pt too wide) in paragraph at lines 365--366
\OT1/ptm/m/n/10.95 the hard-masking guar-an-tee is as-serted by an au-to-mated 
test. Code: []$\OT1/pcr/m/n/10.95 https : / / github . com / scar09-[]22 /
 []

<figures/12_learning_curves.png, id=364, 669.9429pt x 296.7888pt>
File: figures/12_learning_curves.png Graphic file (type png)
<use figures/12_learning_curves.png>
Package pdftex.def Info: figures/12_learning_curves.png  used on input line 370
.
(pdftex.def)             Requested size: 446.26582pt x 197.69719pt.


[19 <./figures/02_leakage_gap.png>]
Underfull \hbox (badness 2150) in paragraph at lines 385--386
[]\OT1/ptm/m/n/10 Y. Liu, M. Ott, N. Goyal, et al. RoBERTa: A Ro-bustly Op-ti-m
ized BERT Pre-train-ing Ap-proach.
 []



[20 <./figures/12_learning_curves.png>]

[21] (./FAITH-Detect.aux)
 ***********
LaTeX2e <2024-11-01> patch level 2
L3 programming layer <2025-01-18>
 ***********
Package rerunfilecheck Info: File `FAITH-Detect.out' has not changed.
(rerunfilecheck)             Checksum: 980EEDA66708F7CC94687584946D7F5B;5215.
 ) 
Here is how much of TeX's memory you used:
 12112 strings out of 473190
 192662 string characters out of 5715799
 594906 words of memory out of 5000000
 35095 multiletter control sequences out of 15000+600000
 593123 words of font info for 108 fonts, out of 8000000 for 9000
 1141 hyphenation exceptions out of 8191
 75i,10n,79p,1741b,589s stack positions out of 10000i,1000n,20000p,200000b,200000s
</usr/local/texlive/2025/texmf-dist/fonts/type1/public/amsfonts/cm/cmmi10.pfb
></usr/local/texlive/2025/texmf-dist/fonts/type1/public/amsfonts/cm/cmr10.pfb><
/usr/local/texlive/2025/texmf-dist/fonts/type1/public/amsfonts/cm/cmsy10.pfb></
usr/local/texlive/2025/texmf-dist/fonts/type1/urw/courier/ucrr8a.pfb></usr/loca
l/texlive/2025/texmf-dist/fonts/type1/urw/times/utmb8a.pfb></usr/local/texlive/
2025/texmf-dist/fonts/type1/urw/times/utmr8a.pfb></usr/local/texlive/2025/texmf
-dist/fonts/type1/urw/times/utmri8a.pfb>
Output written on FAITH-Detect.pdf (21 pages, 3190198 bytes).
PDF statistics:
 443 PDF objects out of 1000 (max. 8388607)
 360 compressed objects within 4 object streams
 112 named destinations out of 1000 (max. 500000)
 330 words of extra memory for PDF output out of 10000 (max. 10000000)

